Component: ARM Compiler 5.05 update 1 (build 106) Tool: armlink [4d0efa]

==============================================================================

Section Cross References

    main.o(i.main) refers to oled.o(i.OLED_Init) for OLED_Init
    main.o(i.main) refers to oled.o(i.OLED_Clear) for OLED_Clear
    main.o(i.main) refers to delay.o(i.delay_ms) for delay_ms
    main.o(i.main) refers to uart.o(i.UART_init) for UART_init
    main.o(i.main) refers to function_display.o(i.Display_1) for Display_1
    main.o(i.main) refers to oled.o(i.OLED_ShowString) for OLED_ShowString
    main.o(i.main) refers to function_display.o(i.Display_2) for Display_2
    main.o(i.main) refers to function_display.o(i.Display_3) for Display_3
    main.o(i.main) refers to function_display.o(i.Display_4) for Display_4
    main.o(i.main) refers to main.o(.data) for line
    delay.o(i.SysTick_Handler) refers to delay.o(.data) for ticks
    delay.o(i.delay_ms) refers to aeabi_sdiv.o(.text) for __aeabi_uidivmod
    delay.o(i.delay_ms) refers to system_lpc11xx.o(.data) for SystemCoreClock
    delay.o(i.delay_ms) refers to delay.o(.data) for ticks
    delay.o(i.delay_us) refers to system_lpc11xx.o(.data) for SystemCoreClock
    delay.o(i.delay_us) refers to delay.o(.data) for ticks
    startup_lpc11xx.o(STACK) refers (Special) to heapauxi.o(.text) for __use_two_region_memory
    startup_lpc11xx.o(HEAP) refers (Special) to heapauxi.o(.text) for __use_two_region_memory
    startup_lpc11xx.o(RESET) refers (Special) to heapauxi.o(.text) for __use_two_region_memory
    startup_lpc11xx.o(RESET) refers to startup_lpc11xx.o(STACK) for __initial_sp
    startup_lpc11xx.o(RESET) refers to startup_lpc11xx.o(.text) for Reset_Handler
    startup_lpc11xx.o(RESET) refers to delay.o(i.SysTick_Handler) for SysTick_Handler
    startup_lpc11xx.o(.ARM.__at_0x02FC) refers (Special) to heapauxi.o(.text) for __use_two_region_memory
    startup_lpc11xx.o(.text) refers (Special) to heapauxi.o(.text) for __use_two_region_memory
    startup_lpc11xx.o(.text) refers to system_lpc11xx.o(i.SystemInit) for SystemInit
    startup_lpc11xx.o(.text) refers to __main.o(!!!main) for __main
    startup_lpc11xx.o(.text) refers to startup_lpc11xx.o(HEAP) for Heap_Mem
    startup_lpc11xx.o(.text) refers to startup_lpc11xx.o(STACK) for Stack_Mem
    system_lpc11xx.o(i.SystemCoreClockUpdate) refers to system_lpc11xx.o(i.__ARM_common_switch8) for __ARM_common_switch8
    system_lpc11xx.o(i.SystemCoreClockUpdate) refers to aeabi_sdiv.o(.text) for __aeabi_uidivmod
    system_lpc11xx.o(i.SystemCoreClockUpdate) refers to system_lpc11xx.o(.data) for SystemCoreClock
    function_display.o(i.Display_1) refers to oled.o(i.OLED_Clear) for OLED_Clear
    function_display.o(i.Display_1) refers to oled.o(i.OLED_ShowString) for OLED_ShowString
    function_display.o(i.Display_1) refers to oled.o(i.OLED_ShowCHinese) for OLED_ShowCHinese
    function_display.o(i.Display_2) refers to oled.o(i.OLED_Clear) for OLED_Clear
    function_display.o(i.Display_2) refers to oled.o(i.OLED_ShowString) for OLED_ShowString
    function_display.o(i.Display_2) refers to oled.o(i.OLED_ShowChar) for OLED_ShowChar
    function_display.o(i.Display_2) refers to aeabi_sdiv.o(.text) for __aeabi_idivmod
    function_display.o(i.Display_2) refers to ds18b20.o(i.DS18B20_Get_Temp) for DS18B20_Get_Temp
    function_display.o(i.Display_2) refers to uart.o(i.UART_send_byte) for UART_send_byte
    function_display.o(i.Display_2) refers to delay.o(i.delay_ms) for delay_ms
    function_display.o(i.Display_2) refers to oled.o(i.OLED_ShowNum) for OLED_ShowNum
    function_display.o(i.Display_2) refers to oled.o(i.OLED_ShowCHinese) for OLED_ShowCHinese
    function_display.o(i.Display_2) refers to function_display.o(.data) for next
    function_display.o(i.Display_3) refers to oled.o(i.OLED_Clear) for OLED_Clear
    function_display.o(i.Display_3) refers to oled.o(i.OLED_ShowString) for OLED_ShowString
    function_display.o(i.Display_3) refers to aeabi_sdiv.o(.text) for __aeabi_idivmod
    function_display.o(i.Display_3) refers to ds18b20.o(i.DS18B20_Get_Temp) for DS18B20_Get_Temp
    function_display.o(i.Display_3) refers to oled.o(i.OLED_ShowChar) for OLED_ShowChar
    function_display.o(i.Display_3) refers to dflti.o(.text) for __aeabi_i2d
    function_display.o(i.Display_3) refers to dmul.o(.text) for __aeabi_dmul
    function_display.o(i.Display_3) refers to daddsub.o(.text) for __aeabi_dadd
    function_display.o(i.Display_3) refers to dfixi.o(.text) for __aeabi_d2iz
    function_display.o(i.Display_3) refers to oled.o(i.OLED_ShowNum) for OLED_ShowNum
    function_display.o(i.Display_3) refers to oled.o(i.OLED_ShowCHinese) for OLED_ShowCHinese
    function_display.o(i.Display_3) refers to function_display.o(.data) for next
    function_display.o(i.Display_4) refers to oled.o(i.OLED_Clear) for OLED_Clear
    function_display.o(i.Display_4) refers to oled.o(i.OLED_ShowString) for OLED_ShowString
    oled.o(i.OLED_Clear) refers to oled.o(i.OLED_WR_Byte) for OLED_WR_Byte
    oled.o(i.OLED_Display_Off) refers to oled.o(i.OLED_WR_Byte) for OLED_WR_Byte
    oled.o(i.OLED_Display_On) refers to oled.o(i.OLED_WR_Byte) for OLED_WR_Byte
    oled.o(i.OLED_DrawBMP) refers to oled.o(i.OLED_Set_Pos) for OLED_Set_Pos
    oled.o(i.OLED_DrawBMP) refers to oled.o(i.OLED_WR_Byte) for OLED_WR_Byte
    oled.o(i.OLED_Init) refers to delay.o(i.delay_ms) for delay_ms
    oled.o(i.OLED_Init) refers to oled.o(i.OLED_WR_Byte) for OLED_WR_Byte
    oled.o(i.OLED_Init) refers to oled.o(i.OLED_Clear) for OLED_Clear
    oled.o(i.OLED_Init) refers to oled.o(i.OLED_Set_Pos) for OLED_Set_Pos
    oled.o(i.OLED_Set_Pos) refers to oled.o(i.OLED_WR_Byte) for OLED_WR_Byte
    oled.o(i.OLED_ShowCHinese) refers to oled.o(i.OLED_Set_Pos) for OLED_Set_Pos
    oled.o(i.OLED_ShowCHinese) refers to oled.o(i.OLED_WR_Byte) for OLED_WR_Byte
    oled.o(i.OLED_ShowCHinese) refers to oled.o(.data) for Hzk
    oled.o(i.OLED_ShowChar) refers to oled.o(i.OLED_Set_Pos) for OLED_Set_Pos
    oled.o(i.OLED_ShowChar) refers to oled.o(i.OLED_WR_Byte) for OLED_WR_Byte
    oled.o(i.OLED_ShowChar) refers to oled.o(.constdata) for F8X16
    oled.o(i.OLED_ShowNum) refers to oled.o(i.oled_pow) for oled_pow
    oled.o(i.OLED_ShowNum) refers to aeabi_sdiv.o(.text) for __aeabi_uidivmod
    oled.o(i.OLED_ShowNum) refers to oled.o(i.OLED_ShowChar) for OLED_ShowChar
    oled.o(i.OLED_ShowString) refers to oled.o(i.OLED_ShowChar) for OLED_ShowChar
    ds18b20.o(i.DS18B20_Check) refers to ds18b20.o(i.delay_ds) for delay_ds
    ds18b20.o(i.DS18B20_Get_Temp) refers to ds18b20.o(i.DS18B20_Start) for DS18B20_Start
    ds18b20.o(i.DS18B20_Get_Temp) refers to ds18b20.o(i.DS18B20_Rst) for DS18B20_Rst
    ds18b20.o(i.DS18B20_Get_Temp) refers to ds18b20.o(i.DS18B20_Check) for DS18B20_Check
    ds18b20.o(i.DS18B20_Get_Temp) refers to ds18b20.o(i.DS18B20_Write_Byte) for DS18B20_Write_Byte
    ds18b20.o(i.DS18B20_Get_Temp) refers to ds18b20.o(i.DS18B20_Read_Byte) for DS18B20_Read_Byte
    ds18b20.o(i.DS18B20_Get_Temp) refers to fflti.o(.text) for __aeabi_i2f
    ds18b20.o(i.DS18B20_Get_Temp) refers to f2d.o(.text) for __aeabi_f2d
    ds18b20.o(i.DS18B20_Get_Temp) refers to dmul.o(.text) for __aeabi_dmul
    ds18b20.o(i.DS18B20_Get_Temp) refers to dfixi.o(.text) for __aeabi_d2iz
    ds18b20.o(i.DS18B20_Get_Temp) refers to ds18b20.o(.data) for temp_sign
    ds18b20.o(i.DS18B20_Init) refers to ds18b20.o(i.DS18B20_Rst) for DS18B20_Rst
    ds18b20.o(i.DS18B20_Init) refers to ds18b20.o(i.DS18B20_Check) for DS18B20_Check
    ds18b20.o(i.DS18B20_Read_Bit) refers to ds18b20.o(i.delay_ds) for delay_ds
    ds18b20.o(i.DS18B20_Read_Byte) refers to ds18b20.o(i.DS18B20_Read_Bit) for DS18B20_Read_Bit
    ds18b20.o(i.DS18B20_Rst) refers to ds18b20.o(i.delay_ds) for delay_ds
    ds18b20.o(i.DS18B20_Start) refers to ds18b20.o(i.DS18B20_Rst) for DS18B20_Rst
    ds18b20.o(i.DS18B20_Start) refers to ds18b20.o(i.DS18B20_Check) for DS18B20_Check
    ds18b20.o(i.DS18B20_Start) refers to ds18b20.o(i.DS18B20_Write_Byte) for DS18B20_Write_Byte
    ds18b20.o(i.DS18B20_Write_Byte) refers to ds18b20.o(i.delay_ds) for delay_ds
    uart.o(i.UART_init) refers to aeabi_sdiv.o(.text) for __aeabi_uidivmod
    uart.o(i.UART_init) refers to system_lpc11xx.o(.data) for SystemCoreClock
    __main.o(!!!main) refers to __rtentry.o(.ARM.Collect$$rtentry$$00000000) for __rt_entry
    daddsub.o(.text) refers (Special) to usenofp.o(x$fpl$usenofp) for __I$use$fp
    dfixi.o(.text) refers (Special) to usenofp.o(x$fpl$usenofp) for __I$use$fp
    dflti.o(.text) refers (Special) to usenofp.o(x$fpl$usenofp) for __I$use$fp
    dmul.o(.text) refers (Special) to usenofp.o(x$fpl$usenofp) for __I$use$fp
    f2d.o(.text) refers (Special) to usenofp.o(x$fpl$usenofp) for __I$use$fp
    fflti.o(.text) refers (Special) to usenofp.o(x$fpl$usenofp) for __I$use$fp
    __rtentry.o(.ARM.Collect$$rtentry$$00000000) refers (Special) to __rtentry2.o(.ARM.Collect$$rtentry$$0000000A) for __rt_entry_li
    __rtentry.o(.ARM.Collect$$rtentry$$00000000) refers (Special) to __rtentry2.o(.ARM.Collect$$rtentry$$0000000D) for __rt_entry_main
    __rtentry.o(.ARM.Collect$$rtentry$$00000000) refers (Special) to __rtentry2.o(.ARM.Collect$$rtentry$$0000000C) for __rt_entry_postli_1
    __rtentry.o(.ARM.Collect$$rtentry$$00000000) refers (Special) to __rtentry2.o(.ARM.Collect$$rtentry$$00000009) for __rt_entry_postsh_1
    __rtentry.o(.ARM.Collect$$rtentry$$00000000) refers (Special) to __rtentry2.o(.ARM.Collect$$rtentry$$00000002) for __rt_entry_presh_1
    __rtentry.o(.ARM.Collect$$rtentry$$00000000) refers (Special) to __rtentry4.o(.ARM.Collect$$rtentry$$00000004) for __rt_entry_sh
    aeabi_idiv0_sigfpe.o(.text) refers to rt_div0.o(.text) for __rt_div0
    __rtentry2.o(.ARM.Collect$$rtentry$$00000008) refers to boardinit2.o(.text) for _platform_post_stackheap_init
    __rtentry2.o(.ARM.Collect$$rtentry$$0000000A) refers to libinit.o(.ARM.Collect$$libinit$$00000000) for __rt_lib_init
    __rtentry2.o(.ARM.Collect$$rtentry$$0000000B) refers to boardinit3.o(.text) for _platform_post_lib_init
    __rtentry2.o(.ARM.Collect$$rtentry$$0000000D) refers to main.o(i.main) for main
    __rtentry2.o(.ARM.Collect$$rtentry$$0000000D) refers to exit.o(.text) for exit
    __rtentry2.o(.ARM.exidx) refers to __rtentry2.o(.ARM.Collect$$rtentry$$00000001) for .ARM.Collect$$rtentry$$00000001
    __rtentry2.o(.ARM.exidx) refers to __rtentry2.o(.ARM.Collect$$rtentry$$00000008) for .ARM.Collect$$rtentry$$00000008
    __rtentry2.o(.ARM.exidx) refers to __rtentry2.o(.ARM.Collect$$rtentry$$0000000A) for .ARM.Collect$$rtentry$$0000000A
    __rtentry2.o(.ARM.exidx) refers to __rtentry2.o(.ARM.Collect$$rtentry$$0000000B) for .ARM.Collect$$rtentry$$0000000B
    __rtentry2.o(.ARM.exidx) refers to __rtentry2.o(.ARM.Collect$$rtentry$$0000000D) for .ARM.Collect$$rtentry$$0000000D
    __rtentry4.o(.ARM.Collect$$rtentry$$00000004) refers to sys_stackheap_outer.o(.text) for __user_setup_stackheap
    __rtentry4.o(.ARM.exidx) refers to __rtentry4.o(.ARM.Collect$$rtentry$$00000004) for .ARM.Collect$$rtentry$$00000004
    rt_div0.o(.text) refers to defsig_fpe_outer.o(.text) for __rt_SIGFPE
    sys_stackheap_outer.o(.text) refers to libspace.o(.text) for __user_perproc_libspace
    sys_stackheap_outer.o(.text) refers to startup_lpc11xx.o(.text) for __user_initial_stackheap
    sys_stackheap_outer.o(__vectab_stack_and_reset_area) refers to tempstk.o(.text) for __temporary_stack_top
    sys_stackheap_outer.o(__vectab_stack_and_reset_area) refers to __main.o(!!!main) for __main
    exit.o(.text) refers to rtexit.o(.ARM.Collect$$rtexit$$00000000) for __rt_exit
    defsig_fpe_outer.o(.text) refers to defsig_fpe_inner.o(.text) for __rt_SIGFPE_inner
    defsig_fpe_outer.o(.text) refers to defsig_exit.o(.text) for __sig_exit
    defsig_fpe_formal.o(.text) refers to rt_raise.o(.text) for __rt_raise
    libinit.o(.ARM.Collect$$libinit$$00000000) refers (Special) to libinit2.o(.ARM.Collect$$libinit$$0000002E) for __rt_lib_init_alloca_1
    libinit.o(.ARM.Collect$$libinit$$00000000) refers (Special) to libinit2.o(.ARM.Collect$$libinit$$0000002C) for __rt_lib_init_argv_1
    libinit.o(.ARM.Collect$$libinit$$00000000) refers (Special) to libinit2.o(.ARM.Collect$$libinit$$0000001B) for __rt_lib_init_atexit_1
    libinit.o(.ARM.Collect$$libinit$$00000000) refers (Special) to libinit2.o(.ARM.Collect$$libinit$$00000021) for __rt_lib_init_clock_1
    libinit.o(.ARM.Collect$$libinit$$00000000) refers (Special) to libinit2.o(.ARM.Collect$$libinit$$00000032) for __rt_lib_init_cpp_1
    libinit.o(.ARM.Collect$$libinit$$00000000) refers (Special) to libinit2.o(.ARM.Collect$$libinit$$00000030) for __rt_lib_init_exceptions_1
    libinit.o(.ARM.Collect$$libinit$$00000000) refers (Special) to libinit2.o(.ARM.Collect$$libinit$$00000002) for __rt_lib_init_fp_1
    libinit.o(.ARM.Collect$$libinit$$00000000) refers (Special) to libinit2.o(.ARM.Collect$$libinit$$0000001F) for __rt_lib_init_fp_trap_1
    libinit.o(.ARM.Collect$$libinit$$00000000) refers (Special) to libinit2.o(.ARM.Collect$$libinit$$00000023) for __rt_lib_init_getenv_1
    libinit.o(.ARM.Collect$$libinit$$00000000) refers (Special) to libinit2.o(.ARM.Collect$$libinit$$0000000A) for __rt_lib_init_heap_1
    libinit.o(.ARM.Collect$$libinit$$00000000) refers (Special) to libinit2.o(.ARM.Collect$$libinit$$00000011) for __rt_lib_init_lc_collate_1
    libinit.o(.ARM.Collect$$libinit$$00000000) refers (Special) to libinit2.o(.ARM.Collect$$libinit$$00000013) for __rt_lib_init_lc_ctype_1
    libinit.o(.ARM.Collect$$libinit$$00000000) refers (Special) to libinit2.o(.ARM.Collect$$libinit$$00000015) for __rt_lib_init_lc_monetary_1
    libinit.o(.ARM.Collect$$libinit$$00000000) refers (Special) to libinit2.o(.ARM.Collect$$libinit$$00000017) for __rt_lib_init_lc_numeric_1
    libinit.o(.ARM.Collect$$libinit$$00000000) refers (Special) to libinit2.o(.ARM.Collect$$libinit$$00000019) for __rt_lib_init_lc_time_1
    libinit.o(.ARM.Collect$$libinit$$00000000) refers (Special) to libinit2.o(.ARM.Collect$$libinit$$00000004) for __rt_lib_init_preinit_1
    libinit.o(.ARM.Collect$$libinit$$00000000) refers (Special) to libinit2.o(.ARM.Collect$$libinit$$0000000E) for __rt_lib_init_rand_1
    libinit.o(.ARM.Collect$$libinit$$00000000) refers (Special) to libinit2.o(.ARM.Collect$$libinit$$00000033) for __rt_lib_init_return
    libinit.o(.ARM.Collect$$libinit$$00000000) refers (Special) to libinit2.o(.ARM.Collect$$libinit$$0000001D) for __rt_lib_init_signal_1
    libinit.o(.ARM.Collect$$libinit$$00000000) refers (Special) to libinit2.o(.ARM.Collect$$libinit$$00000025) for __rt_lib_init_stdio_1
    libinit.o(.ARM.Collect$$libinit$$00000000) refers (Special) to libinit2.o(.ARM.Collect$$libinit$$0000000C) for __rt_lib_init_user_alloc_1
    libspace.o(.text) refers to libspace.o(.bss) for __libspace_start
    rtexit.o(.ARM.Collect$$rtexit$$00000000) refers (Special) to rtexit2.o(.ARM.Collect$$rtexit$$00000004) for __rt_exit_exit
    rtexit.o(.ARM.Collect$$rtexit$$00000000) refers (Special) to rtexit2.o(.ARM.Collect$$rtexit$$00000003) for __rt_exit_ls
    rtexit.o(.ARM.Collect$$rtexit$$00000000) refers (Special) to rtexit2.o(.ARM.Collect$$rtexit$$00000002) for __rt_exit_prels_1
    rtexit.o(.ARM.exidx) refers (Special) to rtexit2.o(.ARM.Collect$$rtexit$$00000004) for __rt_exit_exit
    rtexit.o(.ARM.exidx) refers (Special) to rtexit2.o(.ARM.Collect$$rtexit$$00000003) for __rt_exit_ls
    rtexit.o(.ARM.exidx) refers (Special) to rtexit2.o(.ARM.Collect$$rtexit$$00000002) for __rt_exit_prels_1
    rtexit.o(.ARM.exidx) refers to rtexit.o(.ARM.Collect$$rtexit$$00000000) for .ARM.Collect$$rtexit$$00000000
    rt_raise.o(.text) refers to __raise.o(.text) for __raise
    rt_raise.o(.text) refers to sys_exit.o(.text) for _sys_exit
    defsig_exit.o(.text) refers to sys_exit.o(.text) for _sys_exit
    defsig_fpe_inner.o(.text) refers to defsig_general.o(.text) for __default_signal_display
    libinit2.o(.ARM.Collect$$libinit$$00000010) refers to libinit2.o(.ARM.Collect$$libinit$$0000000F) for .ARM.Collect$$libinit$$0000000F
    libinit2.o(.ARM.Collect$$libinit$$00000012) refers to libinit2.o(.ARM.Collect$$libinit$$0000000F) for .ARM.Collect$$libinit$$0000000F
    libinit2.o(.ARM.Collect$$libinit$$00000014) refers to libinit2.o(.ARM.Collect$$libinit$$0000000F) for .ARM.Collect$$libinit$$0000000F
    libinit2.o(.ARM.Collect$$libinit$$00000016) refers to libinit2.o(.ARM.Collect$$libinit$$0000000F) for .ARM.Collect$$libinit$$0000000F
    libinit2.o(.ARM.Collect$$libinit$$00000018) refers to libinit2.o(.ARM.Collect$$libinit$$0000000F) for .ARM.Collect$$libinit$$0000000F
    libinit2.o(.ARM.Collect$$libinit$$00000026) refers to argv_veneer.o(.text) for __ARM_argv_veneer
    libinit2.o(.ARM.Collect$$libinit$$00000027) refers to argv_veneer.o(.text) for __ARM_argv_veneer
    sys_exit.o(.text) refers (Special) to use_no_semi.o(.text) for __I$use$semihosting
    sys_exit.o(.text) refers (Special) to indicate_semi.o(.text) for __semihosting_library_function
    rtexit2.o(.ARM.Collect$$rtexit$$00000003) refers to libshutdown.o(.ARM.Collect$$libshutdown$$00000000) for __rt_lib_shutdown
    rtexit2.o(.ARM.Collect$$rtexit$$00000004) refers to sys_exit.o(.text) for _sys_exit
    rtexit2.o(.ARM.exidx) refers to rtexit2.o(.ARM.Collect$$rtexit$$00000001) for .ARM.Collect$$rtexit$$00000001
    rtexit2.o(.ARM.exidx) refers to rtexit2.o(.ARM.Collect$$rtexit$$00000003) for .ARM.Collect$$rtexit$$00000003
    rtexit2.o(.ARM.exidx) refers to rtexit2.o(.ARM.Collect$$rtexit$$00000004) for .ARM.Collect$$rtexit$$00000004
    __raise.o(.text) refers to defsig.o(CL$$defsig) for __default_signal_handler
    defsig_general.o(.text) refers to sys_wrch.o(.text) for _ttywrch
    sys_wrch.o(.text) refers (Special) to use_no_semi.o(.text) for __I$use$semihosting
    sys_wrch.o(.text) refers (Special) to indicate_semi.o(.text) for __semihosting_library_function
    defsig.o(CL$$defsig) refers to defsig_fpe_inner.o(.text) for __rt_SIGFPE_inner
    defsig.o(CL$$defsig) refers to defsig_rtmem_inner.o(.text) for __rt_SIGRTMEM_inner
    _get_argv_nomalloc.o(.text) refers (Special) to hrguard.o(.text) for __heap_region$guard
    _get_argv_nomalloc.o(.text) refers to defsig_rtmem_outer.o(.text) for __rt_SIGRTMEM
    _get_argv_nomalloc.o(.text) refers to sys_command.o(.text) for _sys_command_string
    libshutdown.o(.ARM.Collect$$libshutdown$$00000000) refers (Special) to libshutdown2.o(.ARM.Collect$$libshutdown$$00000006) for __rt_lib_shutdown_fp_trap_1
    libshutdown.o(.ARM.Collect$$libshutdown$$00000000) refers (Special) to libshutdown2.o(.ARM.Collect$$libshutdown$$0000000E) for __rt_lib_shutdown_heap_1
    libshutdown.o(.ARM.Collect$$libshutdown$$00000000) refers (Special) to libshutdown2.o(.ARM.Collect$$libshutdown$$0000000F) for __rt_lib_shutdown_return
    libshutdown.o(.ARM.Collect$$libshutdown$$00000000) refers (Special) to libshutdown2.o(.ARM.Collect$$libshutdown$$00000009) for __rt_lib_shutdown_signal_1
    libshutdown.o(.ARM.Collect$$libshutdown$$00000000) refers (Special) to libshutdown2.o(.ARM.Collect$$libshutdown$$00000003) for __rt_lib_shutdown_stdio_1
    libshutdown.o(.ARM.Collect$$libshutdown$$00000000) refers (Special) to libshutdown2.o(.ARM.Collect$$libshutdown$$0000000B) for __rt_lib_shutdown_user_alloc_1
    sys_command.o(.text) refers (Special) to use_no_semi.o(.text) for __I$use$semihosting
    sys_command.o(.text) refers (Special) to indicate_semi.o(.text) for __semihosting_library_function
    defsig_abrt_inner.o(.text) refers to defsig_general.o(.text) for __default_signal_display
    defsig_rtred_inner.o(.text) refers to defsig_general.o(.text) for __default_signal_display
    defsig_rtmem_inner.o(.text) refers to defsig_general.o(.text) for __default_signal_display
    defsig_rtmem_outer.o(.text) refers to defsig_rtmem_inner.o(.text) for __rt_SIGRTMEM_inner
    defsig_rtmem_outer.o(.text) refers to defsig_exit.o(.text) for __sig_exit
    defsig_rtmem_formal.o(.text) refers to rt_raise.o(.text) for __rt_raise
    defsig_stak_inner.o(.text) refers to defsig_general.o(.text) for __default_signal_display
    defsig_pvfn_inner.o(.text) refers to defsig_general.o(.text) for __default_signal_display
    defsig_cppl_inner.o(.text) refers to defsig_general.o(.text) for __default_signal_display
    defsig_segv_inner.o(.text) refers to defsig_general.o(.text) for __default_signal_display
    defsig_other.o(.text) refers to defsig_general.o(.text) for __default_signal_display


==============================================================================

Removing Unused input sections from the image.

    Removing main.o(.rev16_text), (4 bytes).
    Removing main.o(.revsh_text), (4 bytes).
    Removing main.o(.bss), (32 bytes).
    Removing delay.o(.rev16_text), (4 bytes).
    Removing delay.o(.revsh_text), (4 bytes).
    Removing delay.o(i.delay_us), (68 bytes).
    Removing system_lpc11xx.o(.rev16_text), (4 bytes).
    Removing system_lpc11xx.o(.revsh_text), (4 bytes).
    Removing system_lpc11xx.o(i.CLKOUT_EN), (88 bytes).
    Removing system_lpc11xx.o(i.SystemCoreClockUpdate), (440 bytes).
    Removing function_display.o(.rev16_text), (4 bytes).
    Removing function_display.o(.revsh_text), (4 bytes).
    Removing oled.o(.rev16_text), (4 bytes).
    Removing oled.o(.revsh_text), (4 bytes).
    Removing oled.o(i.OLED_Display_Off), (28 bytes).
    Removing oled.o(i.OLED_Display_On), (28 bytes).
    Removing oled.o(i.OLED_DrawBMP), (116 bytes).
    Removing ds18b20.o(.rev16_text), (4 bytes).
    Removing ds18b20.o(.revsh_text), (4 bytes).
    Removing ds18b20.o(i.DS18B20_Init), (44 bytes).
    Removing uart.o(.rev16_text), (4 bytes).
    Removing uart.o(.revsh_text), (4 bytes).
    Removing uart.o(i.UART_recive), (28 bytes).
    Removing uart.o(i.UART_send), (36 bytes).
    Removing system_lpc11xx.o(i.__ARM_common_switch8), (28 bytes).

25 unused section(s) (total 992 bytes) removed from the image.

==============================================================================

Image Symbol Table

    Local Symbols

    Symbol Name                              Value     Ov Type        Size  Object(Section)

    RESET                                    0x00000000   Section      192  startup_lpc11xx.o(RESET)
    ../clib/../cmprslib/zerorunl2.c          0x00000000   Number         0  __dczerorl2.o ABSOLUTE
    ../clib/angel/boardlib.s                 0x00000000   Number         0  boardinit1.o ABSOLUTE
    ../clib/angel/boardlib.s                 0x00000000   Number         0  boardinit2.o ABSOLUTE
    ../clib/angel/boardlib.s                 0x00000000   Number         0  boardinit3.o ABSOLUTE
    ../clib/angel/boardlib.s                 0x00000000   Number         0  boardshut.o ABSOLUTE
    ../clib/angel/handlers.s                 0x00000000   Number         0  __scatter_zi.o ABSOLUTE
    ../clib/angel/kernel.s                   0x00000000   Number         0  rtexit2.o ABSOLUTE
    ../clib/angel/kernel.s                   0x00000000   Number         0  __rtentry.o ABSOLUTE
    ../clib/angel/kernel.s                   0x00000000   Number         0  rtexit.o ABSOLUTE
    ../clib/angel/kernel.s                   0x00000000   Number         0  __rtentry2.o ABSOLUTE
    ../clib/angel/kernel.s                   0x00000000   Number         0  __rtentry4.o ABSOLUTE
    ../clib/angel/rt.s                       0x00000000   Number         0  aeabi_idiv0.o ABSOLUTE
    ../clib/angel/rt.s                       0x00000000   Number         0  aeabi_idiv0_sigfpe.o ABSOLUTE
    ../clib/angel/rt.s                       0x00000000   Number         0  rt_raise.o ABSOLUTE
    ../clib/angel/rt.s                       0x00000000   Number         0  rt_div0.o ABSOLUTE
    ../clib/angel/scatterp.s                 0x00000000   Number         0  __scatter.o ABSOLUTE
    ../clib/angel/startup.s                  0x00000000   Number         0  __main.o ABSOLUTE
    ../clib/angel/sys.s                      0x00000000   Number         0  sys_stackheap_outer.o ABSOLUTE
    ../clib/angel/sys.s                      0x00000000   Number         0  use_no_semi.o ABSOLUTE
    ../clib/angel/sys.s                      0x00000000   Number         0  indicate_semi.o ABSOLUTE
    ../clib/angel/sys.s                      0x00000000   Number         0  tempstk.o ABSOLUTE
    ../clib/angel/sys.s                      0x00000000   Number         0  libspace.o ABSOLUTE
    ../clib/angel/sysapp.c                   0x00000000   Number         0  sys_wrch.o ABSOLUTE
    ../clib/angel/sysapp.c                   0x00000000   Number         0  sys_exit.o ABSOLUTE
    ../clib/angel/sysapp.c                   0x00000000   Number         0  sys_command.o ABSOLUTE
    ../clib/armsys.c                         0x00000000   Number         0  argv_veneer.o ABSOLUTE
    ../clib/armsys.c                         0x00000000   Number         0  _get_argv_nomalloc.o ABSOLUTE
    ../clib/armsys.c                         0x00000000   Number         0  no_argv.o ABSOLUTE
    ../clib/division.s                       0x00000000   Number         0  aeabi_sdiv_div0.o ABSOLUTE
    ../clib/division.s                       0x00000000   Number         0  aeabi_sdiv.o ABSOLUTE
    ../clib/heapalloc.c                      0x00000000   Number         0  hrguard.o ABSOLUTE
    ../clib/heapaux.c                        0x00000000   Number         0  heapauxi.o ABSOLUTE
    ../clib/libinit.s                        0x00000000   Number         0  libshutdown.o ABSOLUTE
    ../clib/libinit.s                        0x00000000   Number         0  libshutdown2.o ABSOLUTE
    ../clib/libinit.s                        0x00000000   Number         0  libinit.o ABSOLUTE
    ../clib/libinit.s                        0x00000000   Number         0  libinit2.o ABSOLUTE
    ../clib/signal.c                         0x00000000   Number         0  defsig_rtmem_outer.o ABSOLUTE
    ../clib/signal.c                         0x00000000   Number         0  defsig_rtmem_inner.o ABSOLUTE
    ../clib/signal.c                         0x00000000   Number         0  defsig_rtred_inner.o ABSOLUTE
    ../clib/signal.c                         0x00000000   Number         0  defsig_fpe_inner.o ABSOLUTE
    ../clib/signal.c                         0x00000000   Number         0  __raise.o ABSOLUTE
    ../clib/signal.c                         0x00000000   Number         0  defsig_abrt_inner.o ABSOLUTE
    ../clib/signal.c                         0x00000000   Number         0  defsig_fpe_formal.o ABSOLUTE
    ../clib/signal.c                         0x00000000   Number         0  defsig_fpe_outer.o ABSOLUTE
    ../clib/signal.c                         0x00000000   Number         0  defsig_general.o ABSOLUTE
    ../clib/signal.c                         0x00000000   Number         0  defsig_other.o ABSOLUTE
    ../clib/signal.c                         0x00000000   Number         0  defsig_exit.o ABSOLUTE
    ../clib/signal.c                         0x00000000   Number         0  defsig_segv_inner.o ABSOLUTE
    ../clib/signal.c                         0x00000000   Number         0  defsig_cppl_inner.o ABSOLUTE
    ../clib/signal.c                         0x00000000   Number         0  defsig_pvfn_inner.o ABSOLUTE
    ../clib/signal.c                         0x00000000   Number         0  defsig_stak_inner.o ABSOLUTE
    ../clib/signal.c                         0x00000000   Number         0  defsig_rtmem_formal.o ABSOLUTE
    ../clib/signal.s                         0x00000000   Number         0  defsig.o ABSOLUTE
    ../clib/stdlib.c                         0x00000000   Number         0  exit.o ABSOLUTE
    ../fplib/cfplib/daddsub.c                0x00000000   Number         0  daddsub.o ABSOLUTE
    ../fplib/cfplib/dmul.c                   0x00000000   Number         0  dmul.o ABSOLUTE
    ../fplib/cfplib/f2d.c                    0x00000000   Number         0  f2d.o ABSOLUTE
    ../fplib/cfplib/ffix.c                   0x00000000   Number         0  dfixi.o ABSOLUTE
    ../fplib/cfplib/fflt.c                   0x00000000   Number         0  dflti.o ABSOLUTE
    ../fplib/cfplib/fflt.c                   0x00000000   Number         0  fflti.o ABSOLUTE
    ../fplib/cfplib/fpinit.c                 0x00000000   Number         0  fpinit.o ABSOLUTE
    ../fplib/usenofp.s                       0x00000000   Number         0  usenofp.o ABSOLUTE
    ..\\delay\\delay.c                       0x00000000   Number         0  delay.o ABSOLUTE
    ..\\ds18b20\\ds18b20.c                   0x00000000   Number         0  ds18b20.o ABSOLUTE
    ..\\lpc11xx\\system_LPC11xx.c            0x00000000   Number         0  system_lpc11xx.o ABSOLUTE
    ..\\oled\\Function_Display.c             0x00000000   Number         0  function_display.o ABSOLUTE
    ..\\oled\\oled.c                         0x00000000   Number         0  oled.o ABSOLUTE
    ..\\uart\\uart.c                         0x00000000   Number         0  uart.o ABSOLUTE
    ..\delay\delay.c                         0x00000000   Number         0  delay.o ABSOLUTE
    ..\ds18b20\ds18b20.c                     0x00000000   Number         0  ds18b20.o ABSOLUTE
    ..\lpc11xx\startup_LPC11xx.s             0x00000000   Number         0  startup_lpc11xx.o ABSOLUTE
    ..\lpc11xx\system_LPC11xx.c              0x00000000   Number         0  system_lpc11xx.o ABSOLUTE
    ..\oled\Function_Display.c               0x00000000   Number         0  function_display.o ABSOLUTE
    ..\oled\oled.c                           0x00000000   Number         0  oled.o ABSOLUTE
    ..\uart\uart.c                           0x00000000   Number         0  uart.o ABSOLUTE
    dc.s                                     0x00000000   Number         0  dc.o ABSOLUTE
    user\\main.c                             0x00000000   Number         0  main.o ABSOLUTE
    user\main.c                              0x00000000   Number         0  main.o ABSOLUTE
    !!!main                                  0x000000c0   Section        8  __main.o(!!!main)
    !!!scatter                               0x000000c8   Section       60  __scatter.o(!!!scatter)
    !!handler_zi                             0x00000104   Section       28  __scatter_zi.o(!!handler_zi)
    .ARM.Collect$$libinit$$00000000          0x00000120   Section        2  libinit.o(.ARM.Collect$$libinit$$00000000)
    .ARM.Collect$$libinit$$00000002          0x00000122   Section        0  libinit2.o(.ARM.Collect$$libinit$$00000002)
    .ARM.Collect$$libinit$$00000004          0x00000122   Section        0  libinit2.o(.ARM.Collect$$libinit$$00000004)
    .ARM.Collect$$libinit$$0000000A          0x00000122   Section        0  libinit2.o(.ARM.Collect$$libinit$$0000000A)
    .ARM.Collect$$libinit$$0000000C          0x00000122   Section        0  libinit2.o(.ARM.Collect$$libinit$$0000000C)
    .ARM.Collect$$libinit$$0000000E          0x00000122   Section        0  libinit2.o(.ARM.Collect$$libinit$$0000000E)
    .ARM.Collect$$libinit$$00000011          0x00000122   Section        0  libinit2.o(.ARM.Collect$$libinit$$00000011)
    .ARM.Collect$$libinit$$00000013          0x00000122   Section        0  libinit2.o(.ARM.Collect$$libinit$$00000013)
    .ARM.Collect$$libinit$$00000015          0x00000122   Section        0  libinit2.o(.ARM.Collect$$libinit$$00000015)
    .ARM.Collect$$libinit$$00000017          0x00000122   Section        0  libinit2.o(.ARM.Collect$$libinit$$00000017)
    .ARM.Collect$$libinit$$00000019          0x00000122   Section        0  libinit2.o(.ARM.Collect$$libinit$$00000019)
    .ARM.Collect$$libinit$$0000001B          0x00000122   Section        0  libinit2.o(.ARM.Collect$$libinit$$0000001B)
    .ARM.Collect$$libinit$$0000001D          0x00000122   Section        0  libinit2.o(.ARM.Collect$$libinit$$0000001D)
    .ARM.Collect$$libinit$$0000001F          0x00000122   Section        0  libinit2.o(.ARM.Collect$$libinit$$0000001F)
    .ARM.Collect$$libinit$$00000021          0x00000122   Section        0  libinit2.o(.ARM.Collect$$libinit$$00000021)
    .ARM.Collect$$libinit$$00000023          0x00000122   Section        0  libinit2.o(.ARM.Collect$$libinit$$00000023)
    .ARM.Collect$$libinit$$00000025          0x00000122   Section        0  libinit2.o(.ARM.Collect$$libinit$$00000025)
    .ARM.Collect$$libinit$$0000002C          0x00000122   Section        0  libinit2.o(.ARM.Collect$$libinit$$0000002C)
    .ARM.Collect$$libinit$$0000002E          0x00000122   Section        0  libinit2.o(.ARM.Collect$$libinit$$0000002E)
    .ARM.Collect$$libinit$$00000030          0x00000122   Section        0  libinit2.o(.ARM.Collect$$libinit$$00000030)
    .ARM.Collect$$libinit$$00000032          0x00000122   Section        0  libinit2.o(.ARM.Collect$$libinit$$00000032)
    .ARM.Collect$$libinit$$00000033          0x00000122   Section        2  libinit2.o(.ARM.Collect$$libinit$$00000033)
    .ARM.Collect$$libshutdown$$00000000      0x00000124   Section        2  libshutdown.o(.ARM.Collect$$libshutdown$$00000000)
    .ARM.Collect$$libshutdown$$00000003      0x00000126   Section        0  libshutdown2.o(.ARM.Collect$$libshutdown$$00000003)
    .ARM.Collect$$libshutdown$$00000006      0x00000126   Section        0  libshutdown2.o(.ARM.Collect$$libshutdown$$00000006)
    .ARM.Collect$$libshutdown$$00000009      0x00000126   Section        0  libshutdown2.o(.ARM.Collect$$libshutdown$$00000009)
    .ARM.Collect$$libshutdown$$0000000B      0x00000126   Section        0  libshutdown2.o(.ARM.Collect$$libshutdown$$0000000B)
    .ARM.Collect$$libshutdown$$0000000E      0x00000126   Section        0  libshutdown2.o(.ARM.Collect$$libshutdown$$0000000E)
    .ARM.Collect$$libshutdown$$0000000F      0x00000126   Section        2  libshutdown2.o(.ARM.Collect$$libshutdown$$0000000F)
    .ARM.Collect$$rtentry$$00000000          0x00000128   Section        0  __rtentry.o(.ARM.Collect$$rtentry$$00000000)
    .ARM.Collect$$rtentry$$00000002          0x00000128   Section        0  __rtentry2.o(.ARM.Collect$$rtentry$$00000002)
    .ARM.Collect$$rtentry$$00000004          0x00000128   Section        6  __rtentry4.o(.ARM.Collect$$rtentry$$00000004)
    .ARM.Collect$$rtentry$$00000009          0x0000012e   Section        0  __rtentry2.o(.ARM.Collect$$rtentry$$00000009)
    .ARM.Collect$$rtentry$$0000000A          0x0000012e   Section        4  __rtentry2.o(.ARM.Collect$$rtentry$$0000000A)
    .ARM.Collect$$rtentry$$0000000C          0x00000132   Section        0  __rtentry2.o(.ARM.Collect$$rtentry$$0000000C)
    .ARM.Collect$$rtentry$$0000000D          0x00000132   Section        8  __rtentry2.o(.ARM.Collect$$rtentry$$0000000D)
    .ARM.Collect$$rtexit$$00000000           0x0000013a   Section        2  rtexit.o(.ARM.Collect$$rtexit$$00000000)
    .ARM.Collect$$rtexit$$00000002           0x0000013c   Section        0  rtexit2.o(.ARM.Collect$$rtexit$$00000002)
    .ARM.Collect$$rtexit$$00000003           0x0000013c   Section        4  rtexit2.o(.ARM.Collect$$rtexit$$00000003)
    .ARM.Collect$$rtexit$$00000004           0x00000140   Section        6  rtexit2.o(.ARM.Collect$$rtexit$$00000004)
    .text                                    0x00000148   Section       52  startup_lpc11xx.o(.text)
    .text                                    0x0000017c   Section      346  aeabi_sdiv.o(.text)
    .text                                    0x000002d6   Section        0  heapauxi.o(.text)
    .text                                    0x000002dc   Section        0  exit.o(.text)
    .text                                    0x000002e8   Section        8  libspace.o(.text)
    .text                                    0x000002f0   Section        0  sys_exit.o(.text)
    .ARM.__at_0x02FC                         0x000002fc   Section        4  startup_lpc11xx.o(.ARM.__at_0x02FC)
    .text                                    0x00000300   Section        0  daddsub.o(.text)
    _dadd1                                   0x00000301   Thumb Code   290  daddsub.o(.text)
    _dsub1                                   0x00000423   Thumb Code   470  daddsub.o(.text)
    .text                                    0x00000658   Section        0  dfixi.o(.text)
    .text                                    0x000006c4   Section        0  dflti.o(.text)
    .text                                    0x0000071c   Section        0  dmul.o(.text)
    .text                                    0x00000964   Section        0  f2d.o(.text)
    .text                                    0x000009b8   Section        0  fflti.o(.text)
    .text                                    0x00000a16   Section       62  sys_stackheap_outer.o(.text)
    .text                                    0x00000a54   Section        2  use_no_semi.o(.text)
    .text                                    0x00000a56   Section        0  __dczerorl2.o(.text)
    .text                                    0x00000a56   Section        0  indicate_semi.o(.text)
    i.DS18B20_Check                          0x00000aac   Section        0  ds18b20.o(i.DS18B20_Check)
    i.DS18B20_Get_Temp                       0x00000b14   Section        0  ds18b20.o(i.DS18B20_Get_Temp)
    i.DS18B20_Read_Bit                       0x00000ba0   Section        0  ds18b20.o(i.DS18B20_Read_Bit)
    i.DS18B20_Read_Byte                      0x00000c04   Section        0  ds18b20.o(i.DS18B20_Read_Byte)
    i.DS18B20_Rst                            0x00000c28   Section        0  ds18b20.o(i.DS18B20_Rst)
    i.DS18B20_Start                          0x00000c68   Section        0  ds18b20.o(i.DS18B20_Start)
    i.DS18B20_Write_Byte                     0x00000c80   Section        0  ds18b20.o(i.DS18B20_Write_Byte)
    i.Display_1                              0x00000cfc   Section        0  function_display.o(i.Display_1)
    i.Display_2                              0x00000d90   Section        0  function_display.o(i.Display_2)
    i.Display_3                              0x00000e88   Section        0  function_display.o(i.Display_3)
    i.Display_4                              0x00000f70   Section        0  function_display.o(i.Display_4)
    i.OLED_Clear                             0x00000f9c   Section        0  oled.o(i.OLED_Clear)
    i.OLED_Init                              0x00000fdc   Section        0  oled.o(i.OLED_Init)
    i.OLED_Set_Pos                           0x00001114   Section        0  oled.o(i.OLED_Set_Pos)
    i.OLED_ShowCHinese                       0x00001148   Section        0  oled.o(i.OLED_ShowCHinese)
    i.OLED_ShowChar                          0x000011a8   Section        0  oled.o(i.OLED_ShowChar)
    i.OLED_ShowNum                           0x0000121c   Section        0  oled.o(i.OLED_ShowNum)
    i.OLED_ShowString                        0x000012a4   Section        0  oled.o(i.OLED_ShowString)
    i.OLED_WR_Byte                           0x000012d8   Section        0  oled.o(i.OLED_WR_Byte)
    i.SysTick_Handler                        0x00001370   Section        0  delay.o(i.SysTick_Handler)
    i.SystemInit                             0x00001380   Section        0  system_lpc11xx.o(i.SystemInit)
    i.UART_init                              0x000013fc   Section        0  uart.o(i.UART_init)
    i.UART_send_byte                         0x0000149c   Section        0  uart.o(i.UART_send_byte)
    i.delay_ds                               0x000014b4   Section        0  ds18b20.o(i.delay_ds)
    i.delay_ms                               0x000014d0   Section        0  delay.o(i.delay_ms)
    i.main                                   0x00001520   Section        0  main.o(i.main)
    i.oled_pow                               0x00001648   Section        0  oled.o(i.oled_pow)
    .constdata                               0x00001662   Section     2072  oled.o(.constdata)
    x$fpl$usenofp                            0x00001662   Section        0  usenofp.o(x$fpl$usenofp)
    .data                                    0x10000000   Section       16  main.o(.data)
    line                                     0x1000000c   Data           4  main.o(.data)
    .data                                    0x10000010   Section        4  delay.o(.data)
    .data                                    0x10000014   Section        4  system_lpc11xx.o(.data)
    .data                                    0x10000018   Section        8  function_display.o(.data)
    .data                                    0x10000020   Section      576  oled.o(.data)
    .data                                    0x10000260   Section        1  ds18b20.o(.data)
    .bss                                     0x10000264   Section       96  libspace.o(.bss)
    HEAP                                     0x100002c8   Section        0  startup_lpc11xx.o(HEAP)
    STACK                                    0x100002c8   Section     1024  startup_lpc11xx.o(STACK)
    Heap_Mem                                 0x100002c8   Data           0  startup_lpc11xx.o(HEAP)
    Stack_Mem                                0x100002c8   Data        1024  startup_lpc11xx.o(STACK)
    __initial_sp                             0x100006c8   Data           0  startup_lpc11xx.o(STACK)

    Global Symbols

    Symbol Name                              Value     Ov Type        Size  Object(Section)

    BuildAttributes$$THM_ISAv3M$S$PE$A:L22$X:L11$S22$IEEE1$IW$USESV6$~STKCKD$USESV7$~SHL$OSPACE$ROPI$EBA8$UX$STANDARDLIB$REQ8$PRES8$EABIv2 0x00000000   Number         0  anon$$obj.o ABSOLUTE
    __ARM_use_no_argv                        0x00000000   Number         0  main.o ABSOLUTE
    __Vectors                                0x00000000   Data           4  startup_lpc11xx.o(RESET)
    __ARM_exceptions_init                     - Undefined Weak Reference
    __alloca_initialize                       - Undefined Weak Reference
    __arm_preinit_                            - Undefined Weak Reference
    __cpp_initialize__aeabi_                  - Undefined Weak Reference
    __cxa_finalize                            - Undefined Weak Reference
    __rt_locale                               - Undefined Weak Reference
    __sigvec_lookup                           - Undefined Weak Reference
    _atexit_init                              - Undefined Weak Reference
    _call_atexit_fns                          - Undefined Weak Reference
    _clock_init                               - Undefined Weak Reference
    _fp_trap_init                             - Undefined Weak Reference
    _fp_trap_shutdown                         - Undefined Weak Reference
    _get_lc_collate                           - Undefined Weak Reference
    _get_lc_ctype                             - Undefined Weak Reference
    _get_lc_monetary                          - Undefined Weak Reference
    _get_lc_numeric                           - Undefined Weak Reference
    _get_lc_time                              - Undefined Weak Reference
    _getenv_init                              - Undefined Weak Reference
    _handle_redirection                       - Undefined Weak Reference
    _init_alloc                               - Undefined Weak Reference
    _init_user_alloc                          - Undefined Weak Reference
    _initio                                   - Undefined Weak Reference
    _rand_init                                - Undefined Weak Reference
    _signal_finish                            - Undefined Weak Reference
    _signal_init                              - Undefined Weak Reference
    _terminate_alloc                          - Undefined Weak Reference
    _terminate_user_alloc                     - Undefined Weak Reference
    _terminateio                              - Undefined Weak Reference
    __main                                   0x000000c1   Thumb Code     8  __main.o(!!!main)
    __scatterload                            0x000000c9   Thumb Code     0  __scatter.o(!!!scatter)
    __scatterload_rt2                        0x000000c9   Thumb Code    52  __scatter.o(!!!scatter)
    __scatterload_rt2_thumb_only             0x000000c9   Thumb Code     0  __scatter.o(!!!scatter)
    __scatterload_null                       0x000000d9   Thumb Code     0  __scatter.o(!!!scatter)
    __scatterload_zeroinit                   0x00000105   Thumb Code    28  __scatter_zi.o(!!handler_zi)
    __rt_lib_init                            0x00000121   Thumb Code     0  libinit.o(.ARM.Collect$$libinit$$00000000)
    __rt_lib_init_alloca_1                   0x00000123   Thumb Code     0  libinit2.o(.ARM.Collect$$libinit$$0000002E)
    __rt_lib_init_argv_1                     0x00000123   Thumb Code     0  libinit2.o(.ARM.Collect$$libinit$$0000002C)
    __rt_lib_init_atexit_1                   0x00000123   Thumb Code     0  libinit2.o(.ARM.Collect$$libinit$$0000001B)
    __rt_lib_init_clock_1                    0x00000123   Thumb Code     0  libinit2.o(.ARM.Collect$$libinit$$00000021)
    __rt_lib_init_cpp_1                      0x00000123   Thumb Code     0  libinit2.o(.ARM.Collect$$libinit$$00000032)
    __rt_lib_init_exceptions_1               0x00000123   Thumb Code     0  libinit2.o(.ARM.Collect$$libinit$$00000030)
    __rt_lib_init_fp_1                       0x00000123   Thumb Code     0  libinit2.o(.ARM.Collect$$libinit$$00000002)
    __rt_lib_init_fp_trap_1                  0x00000123   Thumb Code     0  libinit2.o(.ARM.Collect$$libinit$$0000001F)
    __rt_lib_init_getenv_1                   0x00000123   Thumb Code     0  libinit2.o(.ARM.Collect$$libinit$$00000023)
    __rt_lib_init_heap_1                     0x00000123   Thumb Code     0  libinit2.o(.ARM.Collect$$libinit$$0000000A)
    __rt_lib_init_lc_collate_1               0x00000123   Thumb Code     0  libinit2.o(.ARM.Collect$$libinit$$00000011)
    __rt_lib_init_lc_ctype_1                 0x00000123   Thumb Code     0  libinit2.o(.ARM.Collect$$libinit$$00000013)
    __rt_lib_init_lc_monetary_1              0x00000123   Thumb Code     0  libinit2.o(.ARM.Collect$$libinit$$00000015)
    __rt_lib_init_lc_numeric_1               0x00000123   Thumb Code     0  libinit2.o(.ARM.Collect$$libinit$$00000017)
    __rt_lib_init_lc_time_1                  0x00000123   Thumb Code     0  libinit2.o(.ARM.Collect$$libinit$$00000019)
    __rt_lib_init_preinit_1                  0x00000123   Thumb Code     0  libinit2.o(.ARM.Collect$$libinit$$00000004)
    __rt_lib_init_rand_1                     0x00000123   Thumb Code     0  libinit2.o(.ARM.Collect$$libinit$$0000000E)
    __rt_lib_init_return                     0x00000123   Thumb Code     0  libinit2.o(.ARM.Collect$$libinit$$00000033)
    __rt_lib_init_signal_1                   0x00000123   Thumb Code     0  libinit2.o(.ARM.Collect$$libinit$$0000001D)
    __rt_lib_init_stdio_1                    0x00000123   Thumb Code     0  libinit2.o(.ARM.Collect$$libinit$$00000025)
    __rt_lib_init_user_alloc_1               0x00000123   Thumb Code     0  libinit2.o(.ARM.Collect$$libinit$$0000000C)
    __rt_lib_shutdown                        0x00000125   Thumb Code     0  libshutdown.o(.ARM.Collect$$libshutdown$$00000000)
    __rt_lib_shutdown_fp_trap_1              0x00000127   Thumb Code     0  libshutdown2.o(.ARM.Collect$$libshutdown$$00000006)
    __rt_lib_shutdown_heap_1                 0x00000127   Thumb Code     0  libshutdown2.o(.ARM.Collect$$libshutdown$$0000000E)
    __rt_lib_shutdown_return                 0x00000127   Thumb Code     0  libshutdown2.o(.ARM.Collect$$libshutdown$$0000000F)
    __rt_lib_shutdown_signal_1               0x00000127   Thumb Code     0  libshutdown2.o(.ARM.Collect$$libshutdown$$00000009)
    __rt_lib_shutdown_stdio_1                0x00000127   Thumb Code     0  libshutdown2.o(.ARM.Collect$$libshutdown$$00000003)
    __rt_lib_shutdown_user_alloc_1           0x00000127   Thumb Code     0  libshutdown2.o(.ARM.Collect$$libshutdown$$0000000B)
    __rt_entry                               0x00000129   Thumb Code     0  __rtentry.o(.ARM.Collect$$rtentry$$00000000)
    __rt_entry_presh_1                       0x00000129   Thumb Code     0  __rtentry2.o(.ARM.Collect$$rtentry$$00000002)
    __rt_entry_sh                            0x00000129   Thumb Code     0  __rtentry4.o(.ARM.Collect$$rtentry$$00000004)
    __rt_entry_li                            0x0000012f   Thumb Code     0  __rtentry2.o(.ARM.Collect$$rtentry$$0000000A)
    __rt_entry_postsh_1                      0x0000012f   Thumb Code     0  __rtentry2.o(.ARM.Collect$$rtentry$$00000009)
    __rt_entry_main                          0x00000133   Thumb Code     0  __rtentry2.o(.ARM.Collect$$rtentry$$0000000D)
    __rt_entry_postli_1                      0x00000133   Thumb Code     0  __rtentry2.o(.ARM.Collect$$rtentry$$0000000C)
    __rt_exit                                0x0000013b   Thumb Code     0  rtexit.o(.ARM.Collect$$rtexit$$00000000)
    __rt_exit_ls                             0x0000013d   Thumb Code     0  rtexit2.o(.ARM.Collect$$rtexit$$00000003)
    __rt_exit_prels_1                        0x0000013d   Thumb Code     0  rtexit2.o(.ARM.Collect$$rtexit$$00000002)
    __rt_exit_exit                           0x00000141   Thumb Code     0  rtexit2.o(.ARM.Collect$$rtexit$$00000004)
    Reset_Handler                            0x00000149   Thumb Code     8  startup_lpc11xx.o(.text)
    NMI_Handler                              0x00000151   Thumb Code     2  startup_lpc11xx.o(.text)
    HardFault_Handler                        0x00000153   Thumb Code     2  startup_lpc11xx.o(.text)
    SVC_Handler                              0x00000155   Thumb Code     2  startup_lpc11xx.o(.text)
    PendSV_Handler                           0x00000157   Thumb Code     2  startup_lpc11xx.o(.text)
    ADC_IRQHandler                           0x0000015b   Thumb Code     0  startup_lpc11xx.o(.text)
    BOD_IRQHandler                           0x0000015b   Thumb Code     0  startup_lpc11xx.o(.text)
    CAN_IRQHandler                           0x0000015b   Thumb Code     0  startup_lpc11xx.o(.text)
    FMC_IRQHandler                           0x0000015b   Thumb Code     0  startup_lpc11xx.o(.text)
    I2C_IRQHandler                           0x0000015b   Thumb Code     0  startup_lpc11xx.o(.text)
    PIOINT0_IRQHandler                       0x0000015b   Thumb Code     0  startup_lpc11xx.o(.text)
    PIOINT1_IRQHandler                       0x0000015b   Thumb Code     0  startup_lpc11xx.o(.text)
    PIOINT2_IRQHandler                       0x0000015b   Thumb Code     0  startup_lpc11xx.o(.text)
    PIOINT3_IRQHandler                       0x0000015b   Thumb Code     0  startup_lpc11xx.o(.text)
    SSP0_IRQHandler                          0x0000015b   Thumb Code     0  startup_lpc11xx.o(.text)
    SSP1_IRQHandler                          0x0000015b   Thumb Code     0  startup_lpc11xx.o(.text)
    TIMER16_0_IRQHandler                     0x0000015b   Thumb Code     0  startup_lpc11xx.o(.text)
    TIMER16_1_IRQHandler                     0x0000015b   Thumb Code     0  startup_lpc11xx.o(.text)
    TIMER32_0_IRQHandler                     0x0000015b   Thumb Code     0  startup_lpc11xx.o(.text)
    TIMER32_1_IRQHandler                     0x0000015b   Thumb Code     0  startup_lpc11xx.o(.text)
    UART_IRQHandler                          0x0000015b   Thumb Code     0  startup_lpc11xx.o(.text)
    USB_FIQHandler                           0x0000015b   Thumb Code     0  startup_lpc11xx.o(.text)
    USB_IRQHandler                           0x0000015b   Thumb Code     0  startup_lpc11xx.o(.text)
    WAKEUP_IRQHandler                        0x0000015b   Thumb Code     0  startup_lpc11xx.o(.text)
    WDT_IRQHandler                           0x0000015b   Thumb Code     0  startup_lpc11xx.o(.text)
    __user_initial_stackheap                 0x0000015d   Thumb Code     0  startup_lpc11xx.o(.text)
    __aeabi_uidiv                            0x0000017d   Thumb Code     0  aeabi_sdiv.o(.text)
    __aeabi_uidivmod                         0x0000017d   Thumb Code    20  aeabi_sdiv.o(.text)
    __aeabi_idiv                             0x00000191   Thumb Code     0  aeabi_sdiv.o(.text)
    __aeabi_idivmod                          0x00000191   Thumb Code   326  aeabi_sdiv.o(.text)
    __use_two_region_memory                  0x000002d7   Thumb Code     2  heapauxi.o(.text)
    __rt_heap_escrow$2region                 0x000002d9   Thumb Code     2  heapauxi.o(.text)
    __rt_heap_expand$2region                 0x000002db   Thumb Code     2  heapauxi.o(.text)
    exit                                     0x000002dd   Thumb Code    12  exit.o(.text)
    __user_libspace                          0x000002e9   Thumb Code     8  libspace.o(.text)
    __user_perproc_libspace                  0x000002e9   Thumb Code     0  libspace.o(.text)
    __user_perthread_libspace                0x000002e9   Thumb Code     0  libspace.o(.text)
    _sys_exit                                0x000002f1   Thumb Code     8  sys_exit.o(.text)
    __aeabi_dadd                             0x000005f9   Thumb Code     0  daddsub.o(.text)
    _dadd                                    0x000005f9   Thumb Code    26  daddsub.o(.text)
    __aeabi_dsub                             0x00000613   Thumb Code     0  daddsub.o(.text)
    _dsub                                    0x00000613   Thumb Code    22  daddsub.o(.text)
    __aeabi_drsub                            0x00000629   Thumb Code     0  daddsub.o(.text)
    _drsb                                    0x00000629   Thumb Code    28  daddsub.o(.text)
    __aeabi_d2iz                             0x00000659   Thumb Code     0  dfixi.o(.text)
    _dfix                                    0x00000659   Thumb Code    98  dfixi.o(.text)
    __aeabi_i2d_normalise                    0x000006c5   Thumb Code    66  dflti.o(.text)
    __aeabi_i2d                              0x00000707   Thumb Code    16  dflti.o(.text)
    _dflt                                    0x00000707   Thumb Code     0  dflti.o(.text)
    __aeabi_ui2d                             0x00000717   Thumb Code     6  dflti.o(.text)
    _dfltu                                   0x00000717   Thumb Code     0  dflti.o(.text)
    __aeabi_dmul                             0x0000071d   Thumb Code     0  dmul.o(.text)
    _dmul                                    0x0000071d   Thumb Code   558  dmul.o(.text)
    __aeabi_f2d                              0x00000965   Thumb Code     0  f2d.o(.text)
    _f2d                                     0x00000965   Thumb Code    80  f2d.o(.text)
    __aeabi_i2f_normalise                    0x000009b9   Thumb Code    72  fflti.o(.text)
    __aeabi_i2f                              0x00000a01   Thumb Code    16  fflti.o(.text)
    _fflt                                    0x00000a01   Thumb Code     0  fflti.o(.text)
    __aeabi_ui2f                             0x00000a11   Thumb Code     6  fflti.o(.text)
    _ffltu                                   0x00000a11   Thumb Code     0  fflti.o(.text)
    __user_setup_stackheap                   0x00000a17   Thumb Code    62  sys_stackheap_outer.o(.text)
    __I$use$semihosting                      0x00000a55   Thumb Code     0  use_no_semi.o(.text)
    __use_no_semihosting_swi                 0x00000a55   Thumb Code     2  use_no_semi.o(.text)
    __decompress                             0x00000a57   Thumb Code     0  __dczerorl2.o(.text)
    __decompress1                            0x00000a57   Thumb Code    86  __dczerorl2.o(.text)
    __semihosting_library_function           0x00000a57   Thumb Code     0  indicate_semi.o(.text)
    DS18B20_Check                            0x00000aad   Thumb Code    94  ds18b20.o(i.DS18B20_Check)
    DS18B20_Get_Temp                         0x00000b15   Thumb Code   130  ds18b20.o(i.DS18B20_Get_Temp)
    DS18B20_Read_Bit                         0x00000ba1   Thumb Code    90  ds18b20.o(i.DS18B20_Read_Bit)
    DS18B20_Read_Byte                        0x00000c05   Thumb Code    34  ds18b20.o(i.DS18B20_Read_Byte)
    DS18B20_Rst                              0x00000c29   Thumb Code    54  ds18b20.o(i.DS18B20_Rst)
    DS18B20_Start                            0x00000c69   Thumb Code    24  ds18b20.o(i.DS18B20_Start)
    DS18B20_Write_Byte                       0x00000c81   Thumb Code   114  ds18b20.o(i.DS18B20_Write_Byte)
    Display_1                                0x00000cfd   Thumb Code   118  function_display.o(i.Display_1)
    Display_2                                0x00000d91   Thumb Code   220  function_display.o(i.Display_2)
    Display_3                                0x00000e89   Thumb Code   190  function_display.o(i.Display_3)
    Display_4                                0x00000f71   Thumb Code    28  function_display.o(i.Display_4)
    OLED_Clear                               0x00000f9d   Thumb Code    64  oled.o(i.OLED_Clear)
    OLED_Init                                0x00000fdd   Thumb Code   308  oled.o(i.OLED_Init)
    OLED_Set_Pos                             0x00001115   Thumb Code    52  oled.o(i.OLED_Set_Pos)
    OLED_ShowCHinese                         0x00001149   Thumb Code    92  oled.o(i.OLED_ShowCHinese)
    OLED_ShowChar                            0x000011a9   Thumb Code   110  oled.o(i.OLED_ShowChar)
    OLED_ShowNum                             0x0000121d   Thumb Code   136  oled.o(i.OLED_ShowNum)
    OLED_ShowString                          0x000012a5   Thumb Code    50  oled.o(i.OLED_ShowString)
    OLED_WR_Byte                             0x000012d9   Thumb Code   146  oled.o(i.OLED_WR_Byte)
    SysTick_Handler                          0x00001371   Thumb Code    12  delay.o(i.SysTick_Handler)
    SystemInit                               0x00001381   Thumb Code   116  system_lpc11xx.o(i.SystemInit)
    UART_init                                0x000013fd   Thumb Code   142  uart.o(i.UART_init)
    UART_send_byte                           0x0000149d   Thumb Code    20  uart.o(i.UART_send_byte)
    delay_ds                                 0x000014b5   Thumb Code    26  ds18b20.o(i.delay_ds)
    delay_ms                                 0x000014d1   Thumb Code    68  delay.o(i.delay_ms)
    main                                     0x00001521   Thumb Code   276  main.o(i.main)
    oled_pow                                 0x00001649   Thumb Code    26  oled.o(i.oled_pow)
    F6x8                                     0x00001662   Data         552  oled.o(.constdata)
    __I$use$fp                               0x00001662   Number         0  usenofp.o(x$fpl$usenofp)
    F8X16                                    0x0000188a   Data        1520  oled.o(.constdata)
    Region$$Table$$Base                      0x00001e7c   Number         0  anon$$obj.o(Region$$Table)
    Region$$Table$$Limit                     0x00001e9c   Number         0  anon$$obj.o(Region$$Table)
    tx_buf                                   0x10000000   Data          11  main.o(.data)
    ticks                                    0x10000010   Data           4  delay.o(.data)
    SystemCoreClock                          0x10000014   Data           4  system_lpc11xx.o(.data)
    next                                     0x10000018   Data           1  function_display.o(.data)
    temp                                     0x1000001a   Data           2  function_display.o(.data)
    temperature                              0x1000001c   Data           2  function_display.o(.data)
    hua                                      0x1000001e   Data           2  function_display.o(.data)
    Hzk                                      0x10000020   Data         576  oled.o(.data)
    temp_sign                                0x10000260   Data           1  ds18b20.o(.data)
    __libspace_start                         0x10000264   Data          96  libspace.o(.bss)
    __temporary_stack_top$libspace           0x100002c4   Data           0  libspace.o(.bss)



==============================================================================

Memory Map of the image

  Image Entry point : 0x000000c1

  Load Region LR_IROM1 (Base: 0x00000000, Size: 0x00002100, Max: 0x00008000, ABSOLUTE, COMPRESSED[0x00001fac])

    Execution Region ER_IROM1 (Base: 0x00000000, Size: 0x00001e9c, Max: 0x00008000, ABSOLUTE)

    Base Addr    Size         Type   Attr      Idx    E Section Name        Object

    0x00000000   0x000000c0   Data   RO          107    RESET               startup_lpc11xx.o
    0x000000c0   0x00000008   Code   RO          409  * !!!main             c_p.l(__main.o)
    0x000000c8   0x0000003c   Code   RO          592    !!!scatter          c_p.l(__scatter.o)
    0x00000104   0x0000001c   Code   RO          594    !!handler_zi        c_p.l(__scatter_zi.o)
    0x00000120   0x00000002   Code   RO          460    .ARM.Collect$$libinit$$00000000  c_p.l(libinit.o)
    0x00000122   0x00000000   Code   RO          474    .ARM.Collect$$libinit$$00000002  c_p.l(libinit2.o)
    0x00000122   0x00000000   Code   RO          476    .ARM.Collect$$libinit$$00000004  c_p.l(libinit2.o)
    0x00000122   0x00000000   Code   RO          479    .ARM.Collect$$libinit$$0000000A  c_p.l(libinit2.o)
    0x00000122   0x00000000   Code   RO          481    .ARM.Collect$$libinit$$0000000C  c_p.l(libinit2.o)
    0x00000122   0x00000000   Code   RO          483    .ARM.Collect$$libinit$$0000000E  c_p.l(libinit2.o)
    0x00000122   0x00000000   Code   RO          486    .ARM.Collect$$libinit$$00000011  c_p.l(libinit2.o)
    0x00000122   0x00000000   Code   RO          488    .ARM.Collect$$libinit$$00000013  c_p.l(libinit2.o)
    0x00000122   0x00000000   Code   RO          490    .ARM.Collect$$libinit$$00000015  c_p.l(libinit2.o)
    0x00000122   0x00000000   Code   RO          492    .ARM.Collect$$libinit$$00000017  c_p.l(libinit2.o)
    0x00000122   0x00000000   Code   RO          494    .ARM.Collect$$libinit$$00000019  c_p.l(libinit2.o)
    0x00000122   0x00000000   Code   RO          496    .ARM.Collect$$libinit$$0000001B  c_p.l(libinit2.o)
    0x00000122   0x00000000   Code   RO          498    .ARM.Collect$$libinit$$0000001D  c_p.l(libinit2.o)
    0x00000122   0x00000000   Code   RO          500    .ARM.Collect$$libinit$$0000001F  c_p.l(libinit2.o)
    0x00000122   0x00000000   Code   RO          502    .ARM.Collect$$libinit$$00000021  c_p.l(libinit2.o)
    0x00000122   0x00000000   Code   RO          504    .ARM.Collect$$libinit$$00000023  c_p.l(libinit2.o)
    0x00000122   0x00000000   Code   RO          506    .ARM.Collect$$libinit$$00000025  c_p.l(libinit2.o)
    0x00000122   0x00000000   Code   RO          510    .ARM.Collect$$libinit$$0000002C  c_p.l(libinit2.o)
    0x00000122   0x00000000   Code   RO          512    .ARM.Collect$$libinit$$0000002E  c_p.l(libinit2.o)
    0x00000122   0x00000000   Code   RO          514    .ARM.Collect$$libinit$$00000030  c_p.l(libinit2.o)
    0x00000122   0x00000000   Code   RO          516    .ARM.Collect$$libinit$$00000032  c_p.l(libinit2.o)
    0x00000122   0x00000002   Code   RO          517    .ARM.Collect$$libinit$$00000033  c_p.l(libinit2.o)
    0x00000124   0x00000002   Code   RO          548    .ARM.Collect$$libshutdown$$00000000  c_p.l(libshutdown.o)
    0x00000126   0x00000000   Code   RO          575    .ARM.Collect$$libshutdown$$00000003  c_p.l(libshutdown2.o)
    0x00000126   0x00000000   Code   RO          578    .ARM.Collect$$libshutdown$$00000006  c_p.l(libshutdown2.o)
    0x00000126   0x00000000   Code   RO          581    .ARM.Collect$$libshutdown$$00000009  c_p.l(libshutdown2.o)
    0x00000126   0x00000000   Code   RO          583    .ARM.Collect$$libshutdown$$0000000B  c_p.l(libshutdown2.o)
    0x00000126   0x00000000   Code   RO          586    .ARM.Collect$$libshutdown$$0000000E  c_p.l(libshutdown2.o)
    0x00000126   0x00000002   Code   RO          587    .ARM.Collect$$libshutdown$$0000000F  c_p.l(libshutdown2.o)
    0x00000128   0x00000000   Code   RO          423    .ARM.Collect$$rtentry$$00000000  c_p.l(__rtentry.o)
    0x00000128   0x00000000   Code   RO          430    .ARM.Collect$$rtentry$$00000002  c_p.l(__rtentry2.o)
    0x00000128   0x00000006   Code   RO          442    .ARM.Collect$$rtentry$$00000004  c_p.l(__rtentry4.o)
    0x0000012e   0x00000000   Code   RO          432    .ARM.Collect$$rtentry$$00000009  c_p.l(__rtentry2.o)
    0x0000012e   0x00000004   Code   RO          433    .ARM.Collect$$rtentry$$0000000A  c_p.l(__rtentry2.o)
    0x00000132   0x00000000   Code   RO          435    .ARM.Collect$$rtentry$$0000000C  c_p.l(__rtentry2.o)
    0x00000132   0x00000008   Code   RO          436    .ARM.Collect$$rtentry$$0000000D  c_p.l(__rtentry2.o)
    0x0000013a   0x00000002   Code   RO          465    .ARM.Collect$$rtexit$$00000000  c_p.l(rtexit.o)
    0x0000013c   0x00000000   Code   RO          521    .ARM.Collect$$rtexit$$00000002  c_p.l(rtexit2.o)
    0x0000013c   0x00000004   Code   RO          522    .ARM.Collect$$rtexit$$00000003  c_p.l(rtexit2.o)
    0x00000140   0x00000006   Code   RO          523    .ARM.Collect$$rtexit$$00000004  c_p.l(rtexit2.o)
    0x00000146   0x00000002   PAD
    0x00000148   0x00000034   Code   RO          109    .text               startup_lpc11xx.o
    0x0000017c   0x0000015a   Code   RO          403    .text               c_p.l(aeabi_sdiv.o)
    0x000002d6   0x00000006   Code   RO          407    .text               c_p.l(heapauxi.o)
    0x000002dc   0x0000000c   Code   RO          449    .text               c_p.l(exit.o)
    0x000002e8   0x00000008   Code   RO          461    .text               c_p.l(libspace.o)
    0x000002f0   0x0000000c   Code   RO          518    .text               c_p.l(sys_exit.o)
    0x000002fc   0x00000004   Code   RO          108    .ARM.__at_0x02FC    startup_lpc11xx.o
    0x00000300   0x00000358   Code   RO          411    .text               fz_ps.l(daddsub.o)
    0x00000658   0x0000006c   Code   RO          413    .text               fz_ps.l(dfixi.o)
    0x000006c4   0x00000058   Code   RO          415    .text               fz_ps.l(dflti.o)
    0x0000071c   0x00000248   Code   RO          417    .text               fz_ps.l(dmul.o)
    0x00000964   0x00000054   Code   RO          419    .text               fz_ps.l(f2d.o)
    0x000009b8   0x0000005e   Code   RO          421    .text               fz_ps.l(fflti.o)
    0x00000a16   0x0000003e   Code   RO          446    .text               c_p.l(sys_stackheap_outer.o)
    0x00000a54   0x00000002   Code   RO          537    .text               c_p.l(use_no_semi.o)
    0x00000a56   0x00000000   Code   RO          539    .text               c_p.l(indicate_semi.o)
    0x00000a56   0x00000056   Code   RO          590    .text               c_p.l(__dczerorl2.o)
    0x00000aac   0x00000068   Code   RO          294    i.DS18B20_Check     ds18b20.o
    0x00000b14   0x0000008c   Code   RO          295    i.DS18B20_Get_Temp  ds18b20.o
    0x00000ba0   0x00000064   Code   RO          297    i.DS18B20_Read_Bit  ds18b20.o
    0x00000c04   0x00000022   Code   RO          298    i.DS18B20_Read_Byte  ds18b20.o
    0x00000c26   0x00000002   PAD
    0x00000c28   0x00000040   Code   RO          299    i.DS18B20_Rst       ds18b20.o
    0x00000c68   0x00000018   Code   RO          300    i.DS18B20_Start     ds18b20.o
    0x00000c80   0x0000007c   Code   RO          301    i.DS18B20_Write_Byte  ds18b20.o
    0x00000cfc   0x00000094   Code   RO          157    i.Display_1         function_display.o
    0x00000d90   0x000000f8   Code   RO          158    i.Display_2         function_display.o
    0x00000e88   0x000000e8   Code   RO          159    i.Display_3         function_display.o
    0x00000f70   0x0000002c   Code   RO          160    i.Display_4         function_display.o
    0x00000f9c   0x00000040   Code   RO          198    i.OLED_Clear        oled.o
    0x00000fdc   0x00000138   Code   RO          202    i.OLED_Init         oled.o
    0x00001114   0x00000034   Code   RO          203    i.OLED_Set_Pos      oled.o
    0x00001148   0x00000060   Code   RO          204    i.OLED_ShowCHinese  oled.o
    0x000011a8   0x00000074   Code   RO          205    i.OLED_ShowChar     oled.o
    0x0000121c   0x00000088   Code   RO          206    i.OLED_ShowNum      oled.o
    0x000012a4   0x00000032   Code   RO          207    i.OLED_ShowString   oled.o
    0x000012d6   0x00000002   PAD
    0x000012d8   0x00000098   Code   RO          208    i.OLED_WR_Byte      oled.o
    0x00001370   0x00000010   Code   RO           66    i.SysTick_Handler   delay.o
    0x00001380   0x0000007c   Code   RO          119    i.SystemInit        system_lpc11xx.o
    0x000013fc   0x000000a0   Code   RO          365    i.UART_init         uart.o
    0x0000149c   0x00000018   Code   RO          368    i.UART_send_byte    uart.o
    0x000014b4   0x0000001a   Code   RO          302    i.delay_ds          ds18b20.o
    0x000014ce   0x00000002   PAD
    0x000014d0   0x00000050   Code   RO           67    i.delay_ms          delay.o
    0x00001520   0x00000128   Code   RO            3    i.main              main.o
    0x00001648   0x0000001a   Code   RO          209    i.oled_pow          oled.o
    0x00001662   0x00000000   Code   RO          428    x$fpl$usenofp       fz_ps.l(usenofp.o)
    0x00001662   0x00000818   Data   RO          210    .constdata          oled.o
    0x00001e7a   0x00000002   PAD
    0x00001e7c   0x00000020   Data   RO          588    Region$$Table       anon$$obj.o


    Execution Region RW_IRAM1 (Base: 0x10000000, Size: 0x000006c8, Max: 0x00002000, ABSOLUTE, COMPRESSED[0x00000110])

    Base Addr    Size         Type   Attr      Idx    E Section Name        Object

    0x10000000   0x00000010   Data   RW            5    .data               main.o
    0x10000010   0x00000004   Data   RW           69    .data               delay.o
    0x10000014   0x00000004   Data   RW          120    .data               system_lpc11xx.o
    0x10000018   0x00000008   Data   RW          161    .data               function_display.o
    0x10000020   0x00000240   Data   RW          211    .data               oled.o
    0x10000260   0x00000001   Data   RW          303    .data               ds18b20.o
    0x10000261   0x00000003   PAD
    0x10000264   0x00000060   Zero   RW          462    .bss                c_p.l(libspace.o)
    0x100002c4   0x00000004   PAD
    0x100002c8   0x00000000   Zero   RW          106    HEAP                startup_lpc11xx.o
    0x100002c8   0x00000400   Zero   RW          105    STACK               startup_lpc11xx.o


==============================================================================

Image component sizes


      Code (inc. data)   RO Data    RW Data    ZI Data      Debug   Object Name

        96         16          0          4          0       1073   delay.o
       616         50          0          1          0       4456   ds18b20.o
       672        116          0          8          0       2268   function_display.o
       296         20          0         16          0       5791   main.o
      1004         20       2072        576          0       5839   oled.o
        56         26        192          0       1024        816   startup_lpc11xx.o
       124          8          0          4          0       1747   system_lpc11xx.o
       184         22          0          0          0        997   uart.o

    ----------------------------------------------------------------------
      3054        278       2298        612       1024      22987   Object Totals
         0          0         32          0          0          0   (incl. Generated)
         6          0          2          3          0          0   (incl. Padding)

    ----------------------------------------------------------------------

      Code (inc. data)   RO Data    RW Data    ZI Data      Debug   Library Member Name

        86          0          0          0          0          0   __dczerorl2.o
         8          0          0          0          0         68   __main.o
         0          0          0          0          0          0   __rtentry.o
        12          0          0          0          0          0   __rtentry2.o
         6          0          0          0          0          0   __rtentry4.o
        60          8          0          0          0          0   __scatter.o
        28          0          0          0          0          0   __scatter_zi.o
       346          0          0          0          0         92   aeabi_sdiv.o
        12          0          0          0          0         64   exit.o
         6          0          0          0          0        136   heapauxi.o
         0          0          0          0          0          0   indicate_semi.o
         2          0          0          0          0          0   libinit.o
         2          0          0          0          0          0   libinit2.o
         2          0          0          0          0          0   libshutdown.o
         2          0          0          0          0          0   libshutdown2.o
         8          4          0          0         96         68   libspace.o
         2          0          0          0          0          0   rtexit.o
        10          0          0          0          0          0   rtexit2.o
        12          4          0          0          0         60   sys_exit.o
        62          0          0          0          0         80   sys_stackheap_outer.o
         2          0          0          0          0         68   use_no_semi.o
       856         20          0          0          0        208   daddsub.o
       108         10          0          0          0         72   dfixi.o
        88          0          0          0          0         92   dflti.o
       584         26          0          0          0         84   dmul.o
        84          4          0          0          0         60   f2d.o
        94          0          0          0          0         92   fflti.o
         0          0          0          0          0          0   usenofp.o

    ----------------------------------------------------------------------
      2484         76          0          0        100       1244   Library Totals
         2          0          0          0          4          0   (incl. Padding)

    ----------------------------------------------------------------------

      Code (inc. data)   RO Data    RW Data    ZI Data      Debug   Library Name

       668         16          0          0         96        636   c_p.l
      1814         60          0          0          0        608   fz_ps.l

    ----------------------------------------------------------------------
      2484         76          0          0        100       1244   Library Totals

    ----------------------------------------------------------------------

==============================================================================


      Code (inc. data)   RO Data    RW Data    ZI Data      Debug   

      5538        354       2298        612       1124      22771   Grand Totals
      5538        354       2298        272       1124      22771   ELF Image Totals (compressed)
      5538        354       2298        272          0          0   ROM Totals

==============================================================================

    Total RO  Size (Code + RO Data)                 7836 (   7.65kB)
    Total RW  Size (RW Data + ZI Data)              1736 (   1.70kB)
    Total ROM Size (Code + RO Data + RW Data)       8108 (   7.92kB)

==============================================================================

