<html>
<body>
<pre>
<h1>µVision Build Log</h1>
<h2>Tool Versions:</h2>
IDE-Version: ¦ÌVision V5.14.0.0
Copyright (C) 2015 ARM Ltd and ARM Germany GmbH. All rights reserved.
License Information: 1 2, 3, LIC=BL2UH-WCDK4-66EQS-LCJS6-KJDC2-A36LL
 
Tool Versions:
Toolchain:       MDK-ARM Professional  Version: 5.14.0.0
Toolchain Path:  D:\Keil_v5\ARM\ARMCC\Bin
C Compiler:      Armcc.exe V5.05 update 1 (build 106)
Assembler:       Armasm.exe V5.05 update 1 (build 106)
Linker/Locator:  ArmLink.exe V5.05 update 1 (build 106)
Library Manager: ArmAr.exe V5.05 update 1 (build 106)
Hex Converter:   FromElf.exe V5.05 update 1 (build 106)
CPU DLL:         SARMCM3.DLL V5.14.0.0
Dialog DLL:      DARMCM1.DLL V1.12.0.0
Target DLL:      Segger\JL2CM3.dll V2.99.13.0
Dialog DLL:      TARMCM1.DLL V1.9.0.0
 
<h2>Project:</h2>
C:\Users\Lenovo\Desktop\LPC1114-DS18B20\project\ds18b20.uvprojx
Project File Date:  06/07/2017

<h2>Output:</h2>
Rebuild target 'lpc1114_ds18b20'
compiling main.c...
compiling delay.c...
assembling startup_LPC11xx.s...
compiling system_LPC11xx.c...
compiling Function_Display.c...
compiling oled.c...
compiling ds18b20.c...
compiling uart.c...
linking...
Program Size: Code=5538 RO-data=2298 RW-data=612 ZI-data=1124  
".\Objects\ds18b20.axf" - 0 Error(s), 0 Warning(s).

<h2>Collection of Component include folders:</h2>
  C:\Users\Lenovo\Desktop\LPC1114-DS18B20\project\RTE
  D:\Keil_v5\ARM\PACK\Keil\LPC1100_DFP\1.4.0\Device\Include\LPC11xx

<h2>Collection of Component Files used:</h2>
</pre>
</body>
</html>
